./auxprogs/make_or_upd_vgversion_h .
/Applications/Xcode-beta.app/Contents/Developer/usr/bin/make  all-recursive
Making all in include
make[2]: Nothing to be done for `all'.
Making all in VEX
/Applications/Xcode-beta.app/Contents/Developer/usr/bin/make  all-am
make[3]: Nothing to be done for `all-am'.
Making all in coregrind
(cd m_mach && mig /Library/Developer/CommandLineTools/SDKs/MacOSX10.15.sdk/usr/include/mach/mach_vm.defs /Library/Developer/CommandLineTools/SDKs/MacOSX10.15.sdk/usr/include/mach/task.defs /Library/Developer/CommandLineTools/SDKs/MacOSX10.15.sdk/usr/include/mach/thread_act.defs /Library/Developer/CommandLineTools/SDKs/MacOSX10.15.sdk/usr/include/mach/vm_map.defs)
(cd m_mach && mig /Library/Developer/CommandLineTools/SDKs/MacOSX10.15.sdk/usr/include/mach/mach_vm.defs /Library/Developer/CommandLineTools/SDKs/MacOSX10.15.sdk/usr/include/mach/task.defs /Library/Developer/CommandLineTools/SDKs/MacOSX10.15.sdk/usr/include/mach/thread_act.defs /Library/Developer/CommandLineTools/SDKs/MacOSX10.15.sdk/usr/include/mach/vm_map.defs)
(cd m_mach && mig /Library/Developer/CommandLineTools/SDKs/MacOSX10.15.sdk/usr/include/mach/mach_vm.defs /Library/Developer/CommandLineTools/SDKs/MacOSX10.15.sdk/usr/include/mach/task.defs /Library/Developer/CommandLineTools/SDKs/MacOSX10.15.sdk/usr/include/mach/thread_act.defs /Library/Developer/CommandLineTools/SDKs/MacOSX10.15.sdk/usr/include/mach/vm_map.defs)
(cd m_mach && mig /Library/Developer/CommandLineTools/SDKs/MacOSX10.15.sdk/usr/include/mach/mach_vm.defs /Library/Developer/CommandLineTools/SDKs/MacOSX10.15.sdk/usr/include/mach/task.defs /Library/Developer/CommandLineTools/SDKs/MacOSX10.15.sdk/usr/include/mach/thread_act.defs /Library/Developer/CommandLineTools/SDKs/MacOSX10.15.sdk/usr/include/mach/vm_map.defs)
/Applications/Xcode-beta.app/Contents/Developer/usr/bin/make  all-am
gcc -DHAVE_CONFIG_H -I. -I..  -I.. -I../include -I../include -I../VEX/pub -I../VEX/pub -DVGA_amd64=1 -DVGO_darwin=1 -DVGP_amd64_darwin=1 -DVGPV_amd64_darwin_vanilla=1  -I../coregrind -DVG_LIBDIR="\"/usr/local/Cellar/valgrind/HEAD-c59486a/lib/valgrind"\" -DVG_PLATFORM="\"amd64-darwin\""    -arch x86_64 -O2 -g -Wall -Wmissing-prototypes -Wshadow -Wpointer-arith -Wstrict-prototypes -Wmissing-declarations -Wcast-align -Wcast-qual -Wwrite-strings -Wempty-body -Wformat -Wformat-security -Wignored-qualifiers -Wenum-conversion -finline-functions -fno-stack-protector -fno-strict-aliasing -fno-builtin -Wno-cast-align -Wno-self-assign -Wno-tautological-compare -mmacosx-version-min=10.6   -MT m_mach/libcoregrind_amd64_darwin_a-mach_vmUser.o -MD -MP -MF m_mach/.deps/libcoregrind_amd64_darwin_a-mach_vmUser.Tpo -c -o m_mach/libcoregrind_amd64_darwin_a-mach_vmUser.o `test -f 'm_mach/mach_vmUser.c' || echo './'`m_mach/mach_vmUser.c
gcc -DHAVE_CONFIG_H -I. -I..  -I.. -I../include -I../include -I../VEX/pub -I../VEX/pub -DVGA_amd64=1 -DVGO_darwin=1 -DVGP_amd64_darwin=1 -DVGPV_amd64_darwin_vanilla=1  -I../coregrind -DVG_LIBDIR="\"/usr/local/Cellar/valgrind/HEAD-c59486a/lib/valgrind"\" -DVG_PLATFORM="\"amd64-darwin\""    -arch x86_64 -O2 -g -Wall -Wmissing-prototypes -Wshadow -Wpointer-arith -Wstrict-prototypes -Wmissing-declarations -Wcast-align -Wcast-qual -Wwrite-strings -Wempty-body -Wformat -Wformat-security -Wignored-qualifiers -Wenum-conversion -finline-functions -fno-stack-protector -fno-strict-aliasing -fno-builtin -Wno-cast-align -Wno-self-assign -Wno-tautological-compare -mmacosx-version-min=10.6   -MT m_mach/libcoregrind_amd64_darwin_a-taskUser.o -MD -MP -MF m_mach/.deps/libcoregrind_amd64_darwin_a-taskUser.Tpo -c -o m_mach/libcoregrind_amd64_darwin_a-taskUser.o `test -f 'm_mach/taskUser.c' || echo './'`m_mach/taskUser.c
gcc -DHAVE_CONFIG_H -I. -I..  -I.. -I../include -I../include -I../VEX/pub -I../VEX/pub -DVGA_amd64=1 -DVGO_darwin=1 -DVGP_amd64_darwin=1 -DVGPV_amd64_darwin_vanilla=1  -I../coregrind -DVG_LIBDIR="\"/usr/local/Cellar/valgrind/HEAD-c59486a/lib/valgrind"\" -DVG_PLATFORM="\"amd64-darwin\""    -arch x86_64 -O2 -g -Wall -Wmissing-prototypes -Wshadow -Wpointer-arith -Wstrict-prototypes -Wmissing-declarations -Wcast-align -Wcast-qual -Wwrite-strings -Wempty-body -Wformat -Wformat-security -Wignored-qualifiers -Wenum-conversion -finline-functions -fno-stack-protector -fno-strict-aliasing -fno-builtin -Wno-cast-align -Wno-self-assign -Wno-tautological-compare -mmacosx-version-min=10.6   -MT m_mach/libcoregrind_amd64_darwin_a-thread_actUser.o -MD -MP -MF m_mach/.deps/libcoregrind_amd64_darwin_a-thread_actUser.Tpo -c -o m_mach/libcoregrind_amd64_darwin_a-thread_actUser.o `test -f 'm_mach/thread_actUser.c' || echo './'`m_mach/thread_actUser.c
gcc -DHAVE_CONFIG_H -I. -I..  -I.. -I../include -I../include -I../VEX/pub -I../VEX/pub -DVGA_amd64=1 -DVGO_darwin=1 -DVGP_amd64_darwin=1 -DVGPV_amd64_darwin_vanilla=1  -I../coregrind -DVG_LIBDIR="\"/usr/local/Cellar/valgrind/HEAD-c59486a/lib/valgrind"\" -DVG_PLATFORM="\"amd64-darwin\""    -arch x86_64 -O2 -g -Wall -Wmissing-prototypes -Wshadow -Wpointer-arith -Wstrict-prototypes -Wmissing-declarations -Wcast-align -Wcast-qual -Wwrite-strings -Wempty-body -Wformat -Wformat-security -Wignored-qualifiers -Wenum-conversion -finline-functions -fno-stack-protector -fno-strict-aliasing -fno-builtin -Wno-cast-align -Wno-self-assign -Wno-tautological-compare -mmacosx-version-min=10.6   -MT m_mach/libcoregrind_amd64_darwin_a-vm_mapUser.o -MD -MP -MF m_mach/.deps/libcoregrind_amd64_darwin_a-vm_mapUser.Tpo -c -o m_mach/libcoregrind_amd64_darwin_a-vm_mapUser.o `test -f 'm_mach/vm_mapUser.c' || echo './'`m_mach/vm_mapUser.c
mv -f m_mach/.deps/libcoregrind_amd64_darwin_a-mach_vmUser.Tpo m_mach/.deps/libcoregrind_amd64_darwin_a-mach_vmUser.Po
mkdir -p ../.in_place; \
	for f in vgpreload_core-amd64-darwin.so  ; do \
	  rm -f ../.in_place/$f; \
	  ln -f -s ../coregrind/$f ../.in_place; \
	done
for f in vgpreload_core-amd64-darwin.so ; do \
	  if [ ! -e $f.dSYM  -o  $f -nt $f.dSYM ] ; then \
	      echo "dsymutil $f"; \
	      dsymutil $f; \
	  fi; \
	done
mkdir -p ../.in_place; \
	for f in vgpreload_core-amd64-darwin.so ; do \
	  rm -f ../.in_place/$f.dSYM; \
	  ln -f -s ../coregrind/$f.dSYM ../.in_place; \
	done
mkdir -p ../.in_place; \
	for f in m_gdbserver/32bit-core-valgrind-s1.xml m_gdbserver/32bit-core-valgrind-s2.xml m_gdbserver/32bit-core.xml m_gdbserver/32bit-linux-valgrind-s1.xml m_gdbserver/32bit-linux-valgrind-s2.xml m_gdbserver/32bit-linux.xml m_gdbserver/32bit-sse-valgrind-s1.xml m_gdbserver/32bit-sse-valgrind-s2.xml m_gdbserver/32bit-sse.xml m_gdbserver/64bit-avx-valgrind-s2.xml m_gdbserver/64bit-avx-valgrind-s1.xml m_gdbserver/64bit-avx.xml m_gdbserver/64bit-core-valgrind-s1.xml m_gdbserver/64bit-core-valgrind-s2.xml m_gdbserver/64bit-core.xml m_gdbserver/64bit-linux-valgrind-s1.xml m_gdbserver/64bit-linux-valgrind-s2.xml m_gdbserver/64bit-linux.xml m_gdbserver/64bit-sse-valgrind-s1.xml m_gdbserver/64bit-sse-valgrind-s2.xml m_gdbserver/64bit-sse.xml m_gdbserver/amd64-avx-coresse-valgrind.xml m_gdbserver/amd64-avx-coresse.xml m_gdbserver/amd64-avx-linux-valgrind.xml m_gdbserver/amd64-avx-linux.xml m_gdbserver/amd64-coresse-valgrind.xml m_gdbserver/amd64-linux-valgrind.xml m_gdbserver/arm-core-valgrind-s1.xml m_gdbserver/arm-core-valgrind-s2.xml m_gdbserver/arm-core.xml m_gdbserver/arm-vfpv3-valgrind-s1.xml m_gdbserver/arm-vfpv3-valgrind-s2.xml m_gdbserver/arm-vfpv3.xml m_gdbserver/arm-with-vfpv3-valgrind.xml m_gdbserver/arm-with-vfpv3.xml m_gdbserver/i386-coresse-valgrind.xml m_gdbserver/i386-linux-valgrind.xml m_gdbserver/power64-core-valgrind-s1.xml m_gdbserver/power64-core-valgrind-s2.xml m_gdbserver/power64-core.xml m_gdbserver/power64-core2-valgrind-s1.xml m_gdbserver/power64-core2-valgrind-s2.xml m_gdbserver/power64-linux-valgrind-s1.xml m_gdbserver/power64-linux-valgrind-s2.xml m_gdbserver/power64-linux.xml m_gdbserver/power-altivec-valgrind-s1.xml m_gdbserver/power-altivec-valgrind-s2.xml m_gdbserver/power-altivec.xml m_gdbserver/power-vsx-valgrind-s1.xml m_gdbserver/power-vsx-valgrind-s2.xml m_gdbserver/power-vsx.xml m_gdbserver/power-core-valgrind-s1.xml m_gdbserver/power-core-valgrind-s2.xml m_gdbserver/power-core.xml m_gdbserver/power-fpu-valgrind-s1.xml m_gdbserver/power-fpu-valgrind-s2.xml m_gdbserver/power-fpu.xml m_gdbserver/power-linux-valgrind-s1.xml m_gdbserver/power-linux-valgrind-s2.xml m_gdbserver/power-linux.xml m_gdbserver/powerpc-altivec32l-valgrind.xml m_gdbserver/powerpc-altivec32l.xml m_gdbserver/powerpc-altivec64l-valgrind.xml m_gdbserver/powerpc-altivec64l.xml m_gdbserver/s390-acr-valgrind-s1.xml m_gdbserver/s390-acr-valgrind-s2.xml m_gdbserver/s390-acr.xml m_gdbserver/s390-fpr-valgrind-s1.xml m_gdbserver/s390-fpr-valgrind-s2.xml m_gdbserver/s390-fpr.xml m_gdbserver/s390x-core64-valgrind-s1.xml m_gdbserver/s390x-core64-valgrind-s2.xml m_gdbserver/s390x-core64.xml m_gdbserver/s390x-generic-valgrind.xml m_gdbserver/s390x-generic.xml m_gdbserver/s390x-linux64-valgrind-s1.xml m_gdbserver/s390x-linux64-valgrind-s2.xml m_gdbserver/s390x-linux64.xml m_gdbserver/s390-vx-valgrind-s1.xml m_gdbserver/s390-vx-valgrind-s2.xml m_gdbserver/s390-vx.xml m_gdbserver/s390x-vx-linux-valgrind.xml m_gdbserver/s390x-vx-linux.xml m_gdbserver/mips-cp0-valgrind-s1.xml m_gdbserver/mips-cp0-valgrind-s2.xml m_gdbserver/mips-cp0.xml m_gdbserver/mips-cpu-valgrind-s1.xml m_gdbserver/mips-cpu-valgrind-s2.xml m_gdbserver/mips-cpu.xml m_gdbserver/mips-linux.xml m_gdbserver/mips-linux-valgrind.xml m_gdbserver/mips-fpu-valgrind-s1.xml m_gdbserver/mips-fpu-valgrind-s2.xml m_gdbserver/mips-fpu.xml m_gdbserver/mips64-cp0-valgrind-s1.xml m_gdbserver/mips64-cp0-valgrind-s2.xml m_gdbserver/mips64-cp0.xml m_gdbserver/mips64-cpu-valgrind-s1.xml m_gdbserver/mips64-cpu-valgrind-s2.xml m_gdbserver/mips64-cpu.xml m_gdbserver/mips64-linux.xml m_gdbserver/mips64-linux-valgrind.xml m_gdbserver/mips64-fpu-valgrind-s1.xml m_gdbserver/mips64-fpu-valgrind-s2.xml m_gdbserver/mips64-fpu.xml; do \
	  rm -f ../.in_place/$f; \
	  ln -f -s ../coregrind/$f ../.in_place; \
	done
mv -f m_mach/.deps/libcoregrind_amd64_darwin_a-vm_mapUser.Tpo m_mach/.deps/libcoregrind_amd64_darwin_a-vm_mapUser.Po
mv -f m_mach/.deps/libcoregrind_amd64_darwin_a-thread_actUser.Tpo m_mach/.deps/libcoregrind_amd64_darwin_a-thread_actUser.Po
mv -f m_mach/.deps/libcoregrind_amd64_darwin_a-taskUser.Tpo m_mach/.deps/libcoregrind_amd64_darwin_a-taskUser.Po
rm -f libcoregrind-amd64-darwin.a
/usr/bin/ar cru libcoregrind-amd64-darwin.a libcoregrind_amd64_darwin_a-m_addrinfo.o libcoregrind_amd64_darwin_a-m_cache.o libcoregrind_amd64_darwin_a-m_commandline.o libcoregrind_amd64_darwin_a-m_compiler.o libcoregrind_amd64_darwin_a-m_clientstate.o libcoregrind_amd64_darwin_a-m_cpuid.o libcoregrind_amd64_darwin_a-m_deduppoolalloc.o libcoregrind_amd64_darwin_a-m_debuglog.o libcoregrind_amd64_darwin_a-m_errormgr.o libcoregrind_amd64_darwin_a-m_execontext.o libcoregrind_amd64_darwin_a-m_hashtable.o libcoregrind_amd64_darwin_a-m_libcbase.o libcoregrind_amd64_darwin_a-m_libcassert.o libcoregrind_amd64_darwin_a-m_libcfile.o libcoregrind_amd64_darwin_a-m_libcprint.o libcoregrind_amd64_darwin_a-m_libcproc.o libcoregrind_amd64_darwin_a-m_libcsignal.o libcoregrind_amd64_darwin_a-m_machine.o libcoregrind_amd64_darwin_a-m_mallocfree.o libcoregrind_amd64_darwin_a-m_options.o libcoregrind_amd64_darwin_a-m_oset.o libcoregrind_amd64_darwin_a-m_poolalloc.o libcoregrind_amd64_darwin_a-m_rangemap.o libcoregrind_amd64_darwin_a-m_redir.o libcoregrind_amd64_darwin_a-m_sbprofile.o libcoregrind_amd64_darwin_a-m_seqmatch.o libcoregrind_amd64_darwin_a-m_signals.o libcoregrind_amd64_darwin_a-m_sparsewa.o libcoregrind_amd64_darwin_a-m_stacks.o libcoregrind_amd64_darwin_a-m_stacktrace.o libcoregrind_amd64_darwin_a-m_syscall.o libcoregrind_amd64_darwin_a-m_threadstate.o libcoregrind_amd64_darwin_a-m_tooliface.o libcoregrind_amd64_darwin_a-m_trampoline.o libcoregrind_amd64_darwin_a-m_translate.o libcoregrind_amd64_darwin_a-m_transtab.o libcoregrind_amd64_darwin_a-m_vki.o libcoregrind_amd64_darwin_a-m_vkiscnums.o libcoregrind_amd64_darwin_a-m_wordfm.o libcoregrind_amd64_darwin_a-m_xarray.o libcoregrind_amd64_darwin_a-m_xtree.o libcoregrind_amd64_darwin_a-m_xtmemory.o libcoregrind_amd64_darwin_a-m_aspacehl.o m_aspacemgr/libcoregrind_amd64_darwin_a-aspacemgr-common.o m_aspacemgr/libcoregrind_amd64_darwin_a-aspacemgr-linux.o m_aspacemgr/libcoregrind_amd64_darwin_a-aspacemgr-segnames.o m_coredump/libcoregrind_amd64_darwin_a-coredump-elf.o m_coredump/libcoregrind_amd64_darwin_a-coredump-macho.o m_coredump/libcoregrind_amd64_darwin_a-coredump-solaris.o m_debuginfo/libcoregrind_amd64_darwin_a-misc.o m_debuginfo/libcoregrind_amd64_darwin_a-d3basics.o m_debuginfo/libcoregrind_amd64_darwin_a-debuginfo.o m_debuginfo/libcoregrind_amd64_darwin_a-image.o m_debuginfo/libcoregrind_amd64_darwin_a-minilzo-inl.o m_debuginfo/libcoregrind_amd64_darwin_a-readdwarf.o m_debuginfo/libcoregrind_amd64_darwin_a-readdwarf3.o m_debuginfo/libcoregrind_amd64_darwin_a-readelf.o m_debuginfo/libcoregrind_amd64_darwin_a-readexidx.o m_debuginfo/libcoregrind_amd64_darwin_a-readmacho.o m_debuginfo/libcoregrind_amd64_darwin_a-readpdb.o m_debuginfo/libcoregrind_amd64_darwin_a-storage.o m_debuginfo/libcoregrind_amd64_darwin_a-tinfl.o m_debuginfo/libcoregrind_amd64_darwin_a-tytypes.o m_demangle/libcoregrind_amd64_darwin_a-cp-demangle.o m_demangle/libcoregrind_amd64_darwin_a-cplus-dem.o m_demangle/libcoregrind_amd64_darwin_a-demangle.o m_demangle/libcoregrind_amd64_darwin_a-dyn-string.o m_demangle/libcoregrind_amd64_darwin_a-d-demangle.o m_demangle/libcoregrind_amd64_darwin_a-rust-demangle.o m_demangle/libcoregrind_amd64_darwin_a-safe-ctype.o m_dispatch/libcoregrind_amd64_darwin_a-dispatch-x86-linux.o m_dispatch/libcoregrind_amd64_darwin_a-dispatch-amd64-linux.o m_dispatch/libcoregrind_amd64_darwin_a-dispatch-ppc32-linux.o m_dispatch/libcoregrind_amd64_darwin_a-dispatch-ppc64be-linux.o m_dispatch/libcoregrind_amd64_darwin_a-dispatch-ppc64le-linux.o m_dispatch/libcoregrind_amd64_darwin_a-dispatch-arm-linux.o m_dispatch/libcoregrind_amd64_darwin_a-dispatch-arm64-linux.o m_dispatch/libcoregrind_amd64_darwin_a-dispatch-s390x-linux.o m_dispatch/libcoregrind_amd64_darwin_a-dispatch-mips32-linux.o m_dispatch/libcoregrind_amd64_darwin_a-dispatch-mips64-linux.o m_dispatch/libcoregrind_amd64_darwin_a-dispatch-x86-darwin.o m_dispatch/libcoregrind_amd64_darwin_a-dispatch-amd64-darwin.o m_dispatch/libcoregrind_amd64_darwin_a-dispatch-x86-solaris.o m_dispatch/libcoregrind_amd64_darwin_a-dispatch-amd64-solaris.o m_gdbserver/libcoregrind_amd64_darwin_a-inferiors.o m_gdbserver/libcoregrind_amd64_darwin_a-m_gdbserver.o m_gdbserver/libcoregrind_amd64_darwin_a-regcache.o m_gdbserver/libcoregrind_amd64_darwin_a-remote-utils.o m_gdbserver/libcoregrind_amd64_darwin_a-server.o m_gdbserver/libcoregrind_amd64_darwin_a-signals.o m_gdbserver/libcoregrind_amd64_darwin_a-target.o m_gdbserver/libcoregrind_amd64_darwin_a-utils.o m_gdbserver/libcoregrind_amd64_darwin_a-valgrind-low-x86.o m_gdbserver/libcoregrind_amd64_darwin_a-valgrind-low-amd64.o m_gdbserver/libcoregrind_amd64_darwin_a-valgrind-low-arm.o m_gdbserver/libcoregrind_amd64_darwin_a-valgrind-low-arm64.o m_gdbserver/libcoregrind_amd64_darwin_a-valgrind-low-ppc32.o m_gdbserver/libcoregrind_amd64_darwin_a-valgrind-low-ppc64.o m_gdbserver/libcoregrind_amd64_darwin_a-valgrind-low-s390x.o m_gdbserver/libcoregrind_amd64_darwin_a-valgrind-low-mips32.o m_gdbserver/libcoregrind_amd64_darwin_a-valgrind-low-mips64.o m_gdbserver/libcoregrind_amd64_darwin_a-version.o m_initimg/libcoregrind_amd64_darwin_a-initimg-linux.o m_initimg/libcoregrind_amd64_darwin_a-initimg-darwin.o m_initimg/libcoregrind_amd64_darwin_a-initimg-solaris.o m_initimg/libcoregrind_amd64_darwin_a-initimg-pathscan.o m_mach/libcoregrind_amd64_darwin_a-mach_basics.o m_mach/libcoregrind_amd64_darwin_a-mach_traps-x86-darwin.o m_mach/libcoregrind_amd64_darwin_a-mach_traps-amd64-darwin.o m_replacemalloc/libcoregrind_amd64_darwin_a-replacemalloc_core.o m_scheduler/libcoregrind_amd64_darwin_a-sched-lock.o m_scheduler/libcoregrind_amd64_darwin_a-sched-lock-generic.o m_scheduler/libcoregrind_amd64_darwin_a-scheduler.o m_scheduler/libcoregrind_amd64_darwin_a-sema.o m_sigframe/libcoregrind_amd64_darwin_a-sigframe-common.o m_sigframe/libcoregrind_amd64_darwin_a-sigframe-x86-linux.o m_sigframe/libcoregrind_amd64_darwin_a-sigframe-amd64-linux.o m_sigframe/libcoregrind_amd64_darwin_a-sigframe-ppc32-linux.o m_sigframe/libcoregrind_amd64_darwin_a-sigframe-ppc64-linux.o m_sigframe/libcoregrind_amd64_darwin_a-sigframe-arm-linux.o m_sigframe/libcoregrind_amd64_darwin_a-sigframe-arm64-linux.o m_sigframe/libcoregrind_amd64_darwin_a-sigframe-s390x-linux.o m_sigframe/libcoregrind_amd64_darwin_a-sigframe-mips32-linux.o m_sigframe/libcoregrind_amd64_darwin_a-sigframe-mips64-linux.o m_sigframe/libcoregrind_amd64_darwin_a-sigframe-x86-darwin.o m_sigframe/libcoregrind_amd64_darwin_a-sigframe-amd64-darwin.o m_sigframe/libcoregrind_amd64_darwin_a-sigframe-solaris.o m_syswrap/libcoregrind_amd64_darwin_a-syscall-x86-linux.o m_syswrap/libcoregrind_amd64_darwin_a-syscall-amd64-linux.o m_syswrap/libcoregrind_amd64_darwin_a-syscall-ppc32-linux.o m_syswrap/libcoregrind_amd64_darwin_a-syscall-ppc64be-linux.o m_syswrap/libcoregrind_amd64_darwin_a-syscall-ppc64le-linux.o m_syswrap/libcoregrind_amd64_darwin_a-syscall-arm-linux.o m_syswrap/libcoregrind_amd64_darwin_a-syscall-arm64-linux.o m_syswrap/libcoregrind_amd64_darwin_a-syscall-s390x-linux.o m_syswrap/libcoregrind_amd64_darwin_a-syscall-mips32-linux.o m_syswrap/libcoregrind_amd64_darwin_a-syscall-mips64-linux.o m_syswrap/libcoregrind_amd64_darwin_a-syscall-x86-darwin.o m_syswrap/libcoregrind_amd64_darwin_a-syscall-amd64-darwin.o m_syswrap/libcoregrind_amd64_darwin_a-syscall-x86-solaris.o m_syswrap/libcoregrind_amd64_darwin_a-syscall-amd64-solaris.o m_syswrap/libcoregrind_amd64_darwin_a-syswrap-main.o m_syswrap/libcoregrind_amd64_darwin_a-syswrap-generic.o m_syswrap/libcoregrind_amd64_darwin_a-syswrap-linux.o m_syswrap/libcoregrind_amd64_darwin_a-syswrap-linux-variants.o m_syswrap/libcoregrind_amd64_darwin_a-syswrap-darwin.o m_syswrap/libcoregrind_amd64_darwin_a-syswrap-solaris.o m_syswrap/libcoregrind_amd64_darwin_a-syswrap-x86-linux.o m_syswrap/libcoregrind_amd64_darwin_a-syswrap-amd64-linux.o m_syswrap/libcoregrind_amd64_darwin_a-syswrap-ppc32-linux.o m_syswrap/libcoregrind_amd64_darwin_a-syswrap-ppc64-linux.o m_syswrap/libcoregrind_amd64_darwin_a-syswrap-arm-linux.o m_syswrap/libcoregrind_amd64_darwin_a-syswrap-arm64-linux.o m_syswrap/libcoregrind_amd64_darwin_a-syswrap-s390x-linux.o m_syswrap/libcoregrind_amd64_darwin_a-syswrap-mips32-linux.o m_syswrap/libcoregrind_amd64_darwin_a-syswrap-mips64-linux.o m_syswrap/libcoregrind_amd64_darwin_a-syswrap-x86-darwin.o m_syswrap/libcoregrind_amd64_darwin_a-syswrap-amd64-darwin.o m_syswrap/libcoregrind_amd64_darwin_a-syswrap-xen.o m_syswrap/libcoregrind_amd64_darwin_a-syswrap-x86-solaris.o m_syswrap/libcoregrind_amd64_darwin_a-syswrap-amd64-solaris.o m_ume/libcoregrind_amd64_darwin_a-elf.o m_ume/libcoregrind_amd64_darwin_a-macho.o m_ume/libcoregrind_amd64_darwin_a-main.o m_ume/libcoregrind_amd64_darwin_a-script.o  m_mach/libcoregrind_amd64_darwin_a-mach_vmUser.o m_mach/libcoregrind_amd64_darwin_a-taskUser.o m_mach/libcoregrind_amd64_darwin_a-thread_actUser.o m_mach/libcoregrind_amd64_darwin_a-vm_mapUser.o  libnolto_coregrind_amd64_darwin_a-m_libcsetjmp.o m_mach/libnolto_coregrind_amd64_darwin_a-mach_msg.o libnolto_coregrind_amd64_darwin_a-m_main.o
ranlib libcoregrind-amd64-darwin.a
Making all in .
./auxprogs/make_or_upd_vgversion_h .
mkdir -p ./.in_place
rm -f ./.in_place/default.supp
ln -s ../default.supp ./.in_place
Making all in memcheck
Making all in .
../coregrind/link_tool_exe_darwin 0x158000000 gcc     -o memcheck-amd64-darwin   -arch x86_64 -O2 -g -Wall -Wmissing-prototypes -Wshadow -Wpointer-arith -Wstrict-prototypes -Wmissing-declarations -Wcast-align -Wcast-qual -Wwrite-strings -Wempty-body -Wformat -Wformat-security -Wignored-qualifiers -Wenum-conversion -finline-functions -fno-stack-protector -fno-strict-aliasing -fno-builtin -Wno-cast-align -Wno-self-assign -Wno-tautological-compare -mmacosx-version-min=10.6 -O2 -nodefaultlibs -nostartfiles -Wl,-u,__start -Wl,-e,__start -arch x86_64 memcheck_amd64_darwin-mc_leakcheck.o memcheck_amd64_darwin-mc_malloc_wrappers.o memcheck_amd64_darwin-mc_main.o memcheck_amd64_darwin-mc_main_asm.o memcheck_amd64_darwin-mc_translate.o memcheck_amd64_darwin-mc_machine.o memcheck_amd64_darwin-mc_errors.o ../coregrind/libcoregrind-amd64-darwin.a ../VEX/libvex-amd64-darwin.a -lgcc 
link_tool_exe_darwin: /usr/bin/ld -static -arch x86_64 -macosx_version_min 10.6 -o memcheck-amd64-darwin -u __start -e __start -image_base 0x158000000 -stack_addr 0x154000000 -stack_size 0x800000 memcheck_amd64_darwin-mc_leakcheck.o memcheck_amd64_darwin-mc_malloc_wrappers.o memcheck_amd64_darwin-mc_main.o memcheck_amd64_darwin-mc_main_asm.o memcheck_amd64_darwin-mc_translate.o memcheck_amd64_darwin-mc_machine.o memcheck_amd64_darwin-mc_errors.o ../coregrind/libcoregrind-amd64-darwin.a ../VEX/libvex-amd64-darwin.a
